2026-09-22T09:51:53.426Z pid=3124 ver=0.2.6 build=unknown source_revision=2d949f417b7f54cd79248097a0ab687299fbdb7d build_channel=unknown release_tag=unknown app_lifecycle event=process_start phase=started result=passed diagnostic_schema=1 process_architecture=x86_64 windows_version=unknown windows_build=unknown
2026-09-22T09:51:53.427Z pid=3124 ver=0.2.6 build=unknown source_revision=2d949f417b7f54cd79248097a0ab687299fbdb7d build_channel=unknown release_tag=unknown app_lifecycle event=single_instance phase=completed terminal_result=passed
2026-09-22T09:51:57.633Z pid=3124 ver=0.2.6 build=unknown source_revision=2d949f417b7f54cd79248097a0ab687299fbdb7d build_channel=unknown release_tag=unknown app_lifecycle event=tauri_setup phase=started result=passed
2026-09-22T09:51:57.698Z pid=3124 ver=0.2.6 build=unknown source_revision=2d949f417b7f54cd79248097a0ab687299fbdb7d build_channel=unknown release_tag=unknown settings feature=application action=load phase=completed terminal_result=passed
2026-09-22T09:51:57.701Z pid=3124 ver=0.2.6 build=unknown source_revision=2d949f417b7f54cd79248097a0ab687299fbdb7d build_channel=unknown release_tag=unknown startup feature=launch_at_login action=sync phase=completed terminal_result=passed enabled=true
2026-09-22T09:51:57.701Z pid=3124 ver=0.2.6 build=unknown source_revision=2d949f417b7f54cd79248097a0ab687299fbdb7d build_channel=unknown release_tag=unknown radio_recovery_prepare phase=requested
2026-09-22T09:51:57.913Z pid=3124 ver=0.2.6 build=unknown source_revision=2d949f417b7f54cd79248097a0ab687299fbdb7d build_channel=unknown release_tag=unknown radio_recovery_prepare phase=completed terminal_result=passed cache=ready access=allowed elapsed_ms=211
2026-09-22T09:51:57.916Z pid=3124 ver=0.2.6 build=unknown source_revision=2d949f417b7f54cd79248097a0ab687299fbdb7d build_channel=unknown release_tag=unknown audio_worker phase=started backend=wasapi direction=render sample_rate=16000 channels=1 sample_format=s16
2026-09-22T09:51:57.917Z pid=3124 ver=0.2.6 build=unknown source_revision=2d949f417b7f54cd79248097a0ab687299fbdb7d build_channel=unknown release_tag=unknown audio_worker phase=ready result=passed com_apartment=mta
2026-09-22T09:51:57.939Z pid=3124 ver=0.2.6 build=unknown source_revision=2d949f417b7f54cd79248097a0ab687299fbdb7d build_channel=unknown release_tag=unknown shortcut_settings feature=button_mapping action=load phase=completed terminal_result=passed enabled=true button_count=1 shortcut_count=0 open_app_count=1 scroll_count=0 mouse_count=0 disabled_cell_count=2
2026-09-22T09:51:57.946Z pid=3124 ver=0.2.6 build=unknown source_revision=2d949f417b7f54cd79248097a0ab687299fbdb7d build_channel=unknown release_tag=unknown map_reconfig enabled=true buttons_configured=1
2026-09-22T09:51:57.949Z pid=3124 ver=0.2.6 build=unknown source_revision=2d949f417b7f54cd79248097a0ab687299fbdb7d build_channel=unknown release_tag=unknown audio_endpoint attempt_id=1 action=restore phase=requested source=persisted_settings
2026-09-22T09:51:57.968Z pid=3124 ver=0.2.6 build=unknown source_revision=2d949f417b7f54cd79248097a0ab687299fbdb7d build_channel=unknown release_tag=unknown audio_endpoint attempt_id=1 action=open phase=properties_read result=passed endpoint_kind=virtual_cable virtual_cable=true
2026-09-22T09:51:58.000Z pid=3124 ver=0.2.6 build=unknown source_revision=2d949f417b7f54cd79248097a0ab687299fbdb7d build_channel=unknown release_tag=unknown resource_probe reason=worker_start checkpoint=ble_worker process_handles=468 gdi=19 user=38 private_kb=12456 working_set_kb=39580 system_handles=83599 nonpaged_kb=489868 paged_kb=527036 commit_kb=9780228 commit_limit_kb=16684260 physical_available_kb=2805544 physical_total_kb=8295652 disk_free_kb=6045240 disk_free_total_kb=6045240 process_count=224 thread_count=2894
2026-09-22T09:51:58.020Z pid=3124 ver=0.2.6 build=unknown source_revision=2d949f417b7f54cd79248097a0ab687299fbdb7d build_channel=unknown release_tag=unknown endpoint_unmute checkpoint=open result=already_ok was_muted=false is_muted=false level=1.000 elapsed_ms=51
2026-09-22T09:51:58.103Z pid=3124 ver=0.2.6 build=unknown source_revision=2d949f417b7f54cd79248097a0ab687299fbdb7d build_channel=unknown release_tag=unknown audio_endpoint attempt_id=1 action=open phase=client_initialized result=passed share_mode=shared autoconvert=true requested_sample_rate=16000 requested_channels=1 buffer_period_hns=100000
2026-09-22T09:51:58.117Z pid=3124 ver=0.2.6 build=unknown source_revision=2d949f417b7f54cd79248097a0ab687299fbdb7d build_channel=unknown release_tag=unknown session_ducking_optout checkpoint=open result=ok enabled=true
2026-09-22T09:51:58.121Z pid=3124 ver=0.2.6 build=unknown source_revision=2d949f417b7f54cd79248097a0ab687299fbdb7d build_channel=unknown release_tag=unknown session_unmute checkpoint=open result=already_ok sessions=1 muted_before=0 muted_after=0 min_level=1.000 elapsed_ms=3
2026-09-22T09:51:58.121Z pid=3124 ver=0.2.6 build=unknown source_revision=2d949f417b7f54cd79248097a0ab687299fbdb7d build_channel=unknown release_tag=unknown audio_endpoint attempt_id=1 action=restore phase=completed terminal_result=passed endpoint_kind=virtual_cable elapsed_ms=174
2026-09-22T09:51:58.121Z pid=3124 ver=0.2.6 build=unknown source_revision=2d949f417b7f54cd79248097a0ab687299fbdb7d build_channel=unknown release_tag=unknown voice_f5_guard active=true reason=ble_link_transition
2026-09-22T09:51:58.122Z pid=3124 ver=0.2.6 build=unknown source_revision=2d949f417b7f54cd79248097a0ab687299fbdb7d build_channel=unknown release_tag=unknown ble_connect phase=requested reconnecting=true attempt=0
2026-09-22T09:51:58.122Z pid=3124 ver=0.2.6 build=unknown source_revision=2d949f417b7f54cd79248097a0ab687299fbdb7d build_channel=unknown release_tag=unknown shortcut_settings feature=voice_hold action=load phase=completed terminal_result=passed enabled=true key_count=2
2026-09-22T09:51:58.122Z pid=3124 ver=0.2.6 build=unknown source_revision=2d949f417b7f54cd79248097a0ab687299fbdb7d build_channel=unknown release_tag=unknown audio_session generation=0 action=interrupt phase=requested queued_samples=0 submitted_samples=0
2026-09-22T09:51:58.122Z pid=3124 ver=0.2.6 build=unknown source_revision=2d949f417b7f54cd79248097a0ab687299fbdb7d build_channel=unknown release_tag=unknown audio_session generation=0 action=interrupt phase=completed terminal_result=passed next_phase=ready elapsed_ms=0
2026-09-22T09:51:58.123Z pid=3124 ver=0.2.6 build=unknown source_revision=2d949f417b7f54cd79248097a0ab687299fbdb7d build_channel=unknown release_tag=unknown app_lifecycle event=tauri_setup phase=completed terminal_result=passed window_created=true state_managed=true
2026-09-22T09:51:58.123Z pid=3124 ver=0.2.6 build=unknown source_revision=2d949f417b7f54cd79248097a0ab687299fbdb7d build_channel=unknown release_tag=unknown ble_connect_stage phase=requested reconnecting=true attempt=0 stage=device_from_address
2026-09-22T09:51:58.127Z pid=3124 ver=0.2.6 build=unknown source_revision=2d949f417b7f54cd79248097a0ab687299fbdb7d build_channel=unknown release_tag=unknown raw_input_listener action=start phase=requested
2026-09-22T09:51:58.127Z pid=3124 ver=0.2.6 build=unknown source_revision=2d949f417b7f54cd79248097a0ab687299fbdb7d build_channel=unknown release_tag=unknown app_exit graceful_exit_signal phase=completed terminal_result=passed reason=listening
2026-09-22T09:51:58.171Z pid=3124 ver=0.2.6 build=unknown source_revision=2d949f417b7f54cd79248097a0ab687299fbdb7d build_channel=unknown release_tag=unknown raw_input binding_initial selected_path=REDACTED_device_8 matched_device_count=1 phase=ready
2026-09-22T09:51:58.171Z pid=3124 ver=0.2.6 build=unknown source_revision=2d949f417b7f54cd79248097a0ab687299fbdb7d build_channel=unknown release_tag=unknown raw_input binding_audit action=timer_armed interval_ms=10000 selected_path=REDACTED_device_8 binding_present=true
2026-09-22T09:51:58.172Z pid=3124 ver=0.2.6 build=unknown source_revision=2d949f417b7f54cd79248097a0ab687299fbdb7d build_channel=unknown release_tag=unknown raw_input device_change action=device_arrived phase=ready matched_device_count=1
2026-09-22T09:51:58.172Z pid=3124 ver=0.2.6 build=unknown source_revision=2d949f417b7f54cd79248097a0ab687299fbdb7d build_channel=unknown release_tag=unknown raw_input_listener action=start phase=completed terminal_result=passed matched_device_count=1 awaiting_remote_hid_interface=false
2026-09-22T09:51:58.577Z pid=3124 ver=0.2.6 build=unknown source_revision=2d949f417b7f54cd79248097a0ab687299fbdb7d build_channel=unknown release_tag=unknown ble_connect_stage phase=completed terminal_result=passed reconnecting=true attempt=0 stage=device_from_address error_domain=none error_code=none retryable=false elapsed_ms=454
2026-09-22T09:51:58.578Z pid=3124 ver=0.2.6 build=unknown source_revision=2d949f417b7f54cd79248097a0ab687299fbdb7d build_channel=unknown release_tag=unknown conn_params result=unavailable error_domain=bluetooth error_code=request_failed reason=connection_parameter_api_failed retryable=true mode=throughput_optimized
2026-09-22T09:51:58.578Z pid=3124 ver=0.2.6 build=unknown source_revision=2d949f417b7f54cd79248097a0ab687299fbdb7d build_channel=unknown release_tag=unknown ble_connect_stage phase=requested reconnecting=true attempt=0 stage=device_properties
2026-09-22T09:51:58.578Z pid=3124 ver=0.2.6 build=unknown source_revision=2d949f417b7f54cd79248097a0ab687299fbdb7d build_channel=unknown release_tag=unknown ble_connect_stage phase=completed terminal_result=passed reconnecting=true attempt=0 stage=device_properties error_domain=none error_code=none retryable=false elapsed_ms=0
2026-09-22T09:52:00.300Z pid=3124 ver=0.2.6 build=unknown source_revision=2d949f417b7f54cd79248097a0ab687299fbdb7d build_channel=unknown release_tag=unknown webview event=document_load phase=started result=passed main_window=true
2026-09-22T09:52:00.497Z pid=3124 ver=0.2.6 build=unknown source_revision=2d949f417b7f54cd79248097a0ab687299fbdb7d build_channel=unknown release_tag=unknown webview event=document_load phase=finished result=passed main_window=true
2026-09-22T09:52:01.390Z pid=3124 ver=0.2.6 build=unknown source_revision=2d949f417b7f54cd79248097a0ab687299fbdb7d build_channel=unknown release_tag=unknown webview event=document_load phase=finished result=passed main_window=true
2026-09-22T09:52:02.782Z pid=3124 ver=0.2.6 build=unknown source_revision=2d949f417b7f54cd79248097a0ab687299fbdb7d build_channel=unknown release_tag=unknown ble_connect_stage phase=requested reconnecting=true attempt=0 stage=service_discovery
2026-09-22T09:52:05.900Z pid=3124 ver=0.2.6 build=unknown source_revision=2d949f417b7f54cd79248097a0ab687299fbdb7d build_channel=unknown release_tag=unknown ble_connect_stage phase=completed terminal_result=passed reconnecting=true attempt=0 stage=service_discovery error_domain=none error_code=none retryable=false elapsed_ms=3117
2026-09-22T09:52:05.903Z pid=3124 ver=0.2.6 build=unknown source_revision=2d949f417b7f54cd79248097a0ab687299fbdb7d build_channel=unknown release_tag=unknown ble_connect_stage phase=requested reconnecting=true attempt=0 stage=characteristic_transmit
2026-09-22T09:52:06.989Z pid=3124 ver=0.2.6 build=unknown source_revision=2d949f417b7f54cd79248097a0ab687299fbdb7d build_channel=unknown release_tag=unknown ble_connect_stage phase=completed terminal_result=passed reconnecting=true attempt=0 stage=characteristic_transmit error_domain=none error_code=none retryable=false elapsed_ms=1086
2026-09-22T09:52:06.989Z pid=3124 ver=0.2.6 build=unknown source_revision=2d949f417b7f54cd79248097a0ab687299fbdb7d build_channel=unknown release_tag=unknown ble_connect_stage phase=requested reconnecting=true attempt=0 stage=characteristic_audio
2026-09-22T09:52:08.665Z pid=3124 ver=0.2.6 build=unknown source_revision=2d949f417b7f54cd79248097a0ab687299fbdb7d build_channel=unknown release_tag=unknown ble_connect_stage phase=completed terminal_result=passed reconnecting=true attempt=0 stage=characteristic_audio error_domain=none error_code=none retryable=false elapsed_ms=1676
2026-09-22T09:52:08.666Z pid=3124 ver=0.2.6 build=unknown source_revision=2d949f417b7f54cd79248097a0ab687299fbdb7d build_channel=unknown release_tag=unknown ble_connect_stage phase=requested reconnecting=true attempt=0 stage=characteristic_control
2026-09-22T09:52:10.574Z pid=3124 ver=0.2.6 build=unknown source_revision=2d949f417b7f54cd79248097a0ab687299fbdb7d build_channel=unknown release_tag=unknown ble_connect_stage phase=completed terminal_result=passed reconnecting=true attempt=0 stage=characteristic_control error_domain=none error_code=none retryable=false elapsed_ms=1908
2026-09-22T09:52:10.574Z pid=3124 ver=0.2.6 build=unknown source_revision=2d949f417b7f54cd79248097a0ab687299fbdb7d build_channel=unknown release_tag=unknown ble_connect_stage phase=requested reconnecting=true attempt=0 stage=subscribe_audio
2026-09-22T09:52:10.785Z pid=3124 ver=0.2.6 build=unknown source_revision=2d949f417b7f54cd79248097a0ab687299fbdb7d build_channel=unknown release_tag=unknown ble_connect_stage phase=completed terminal_result=passed reconnecting=true attempt=0 stage=subscribe_audio error_domain=none error_code=none retryable=false elapsed_ms=211
2026-09-22T09:52:10.786Z pid=3124 ver=0.2.6 build=unknown source_revision=2d949f417b7f54cd79248097a0ab687299fbdb7d build_channel=unknown release_tag=unknown ble_connect_stage phase=requested reconnecting=true attempt=0 stage=subscribe_control
2026-09-22T09:52:11.100Z pid=3124 ver=0.2.6 build=unknown source_revision=2d949f417b7f54cd79248097a0ab687299fbdb7d build_channel=unknown release_tag=unknown ble_connect_stage phase=completed terminal_result=passed reconnecting=true attempt=0 stage=subscribe_control error_domain=none error_code=none retryable=false elapsed_ms=314
2026-09-22T09:52:11.100Z pid=3124 ver=0.2.6 build=unknown source_revision=2d949f417b7f54cd79248097a0ab687299fbdb7d build_channel=unknown release_tag=unknown ble_connect_stage phase=requested reconnecting=true attempt=0 stage=connection_status_handler
2026-09-22T09:52:11.100Z pid=3124 ver=0.2.6 build=unknown source_revision=2d949f417b7f54cd79248097a0ab687299fbdb7d build_channel=unknown release_tag=unknown ble_connect_stage phase=completed terminal_result=passed reconnecting=true attempt=0 stage=connection_status_handler error_domain=none error_code=none retryable=false elapsed_ms=0
2026-09-22T09:52:11.100Z pid=3124 ver=0.2.6 build=unknown source_revision=2d949f417b7f54cd79248097a0ab687299fbdb7d build_channel=unknown release_tag=unknown ble_connect_stage phase=requested reconnecting=true attempt=0 stage=capabilities_request
2026-09-22T09:52:11.101Z pid=3124 ver=0.2.6 build=unknown component=gatt event=packet direction=T byte_count=6 preview=[0A 01 00 00 03 03]
2026-09-22T09:52:11.157Z pid=3124 ver=0.2.6 build=unknown source_revision=2d949f417b7f54cd79248097a0ab687299fbdb7d build_channel=unknown release_tag=unknown ble_connect_stage phase=completed terminal_result=passed reconnecting=true attempt=0 stage=capabilities_request error_domain=none error_code=none retryable=false elapsed_ms=56
2026-09-22T09:52:11.157Z pid=3124 ver=0.2.6 build=unknown source_revision=2d949f417b7f54cd79248097a0ab687299fbdb7d build_channel=unknown release_tag=unknown ble_connect phase=completed terminal_result=passed reconnecting=true attempt=0 next_phase=awaiting_capabilities elapsed_ms=13035
2026-09-22T09:52:11.201Z pid=3124 ver=0.2.6 build=unknown source_revision=2d949f417b7f54cd79248097a0ab687299fbdb7d build_channel=unknown release_tag=unknown remote_battery phase=read source=windows_bluetooth_cache reason=available level=28 elapsed_ms=11 connection_generation=1
2026-09-22T09:52:11.759Z pid=3124 ver=0.2.6 build=unknown component=gatt event=packet direction=C byte_count=9 preview=[0B 01 00 02 03 00 78 00 00]
2026-09-22T09:52:11.760Z pid=3124 ver=0.2.6 build=unknown source_revision=2d949f417b7f54cd79248097a0ab687299fbdb7d build_channel=unknown release_tag=unknown voice_f5_guard active=false reason=ble_link_transition
2026-09-22T09:53:04.173Z pid=3124 ver=0.2.6 build=unknown source_revision=2d949f417b7f54cd79248097a0ab687299fbdb7d build_channel=unknown release_tag=unknown map_edges count=1 detail=Tv=true gate(sw=1 lk=0)
2026-09-22T09:53:04.174Z pid=3124 ver=0.2.6 build=unknown source_revision=2d949f417b7f54cd79248097a0ab687299fbdb7d build_channel=unknown release_tag=unknown map_fire button=Tv trigger=Single action=open_app target_kind=preset
2026-09-22T09:53:04.385Z pid=3124 ver=0.2.6 build=unknown source_revision=2d949f417b7f54cd79248097a0ab687299fbdb7d build_channel=unknown release_tag=unknown map_launch result=ok target_kind=preset
2026-09-22T09:53:04.386Z pid=3124 ver=0.2.6 build=unknown source_revision=2d949f417b7f54cd79248097a0ab687299fbdb7d build_channel=unknown release_tag=unknown map_edges count=1 detail=Tv=false gate(sw=2 lk=0)
2026-09-22T09:53:06.084Z pid=3124 ver=0.2.6 build=unknown source_revision=2d949f417b7f54cd79248097a0ab687299fbdb7d build_channel=unknown release_tag=unknown map_edges count=1 detail=Home=true gate(sw=2 lk=0)
2026-09-22T09:53:06.310Z pid=3124 ver=0.2.6 build=unknown source_revision=2d949f417b7f54cd79248097a0ab687299fbdb7d build_channel=unknown release_tag=unknown map_edges count=1 detail=Home=false gate(sw=2 lk=0)
2026-09-22T09:53:07.997Z pid=3124 ver=0.2.6 build=unknown source_revision=2d949f417b7f54cd79248097a0ab687299fbdb7d build_channel=unknown release_tag=unknown map_edges count=1 detail=Menu=true gate(sw=2 lk=0)
2026-09-22T09:53:08.160Z pid=3124 ver=0.2.6 build=unknown source_revision=2d949f417b7f54cd79248097a0ab687299fbdb7d build_channel=unknown release_tag=unknown map_edges count=1 detail=Menu=false gate(sw=2 lk=0)
2026-09-22T09:53:11.219Z pid=3124 ver=0.2.6 build=unknown source_revision=2d949f417b7f54cd79248097a0ab687299fbdb7d build_channel=unknown release_tag=unknown remote_battery phase=read source=windows_bluetooth_cache reason=available level=30 elapsed_ms=1 connection_generation=1
2026-09-22T09:53:20.409Z pid=3124 ver=0.2.6 build=unknown component=gatt event=packet direction=C byte_count=4 preview=[04 03 02 33]
2026-09-22T09:53:20.409Z pid=3124 ver=0.2.6 build=unknown source_revision=2d949f417b7f54cd79248097a0ab687299fbdb7d build_channel=unknown release_tag=unknown suppressor_stats seen=0 swallowed=0 leaked=0 waited_late=0 raw_remote_f5=0 link_guard=false
2026-09-22T09:53:20.434Z pid=3124 ver=0.2.6 build=unknown source_revision=2d949f417b7f54cd79248097a0ab687299fbdb7d build_channel=unknown release_tag=unknown ime_query ok=true active_is_wetype=true active_profile_present=true
2026-09-22T09:53:20.435Z pid=3124 ver=0.2.6 build=unknown source_revision=2d949f417b7f54cd79248097a0ab687299fbdb7d build_channel=unknown release_tag=unknown ime_activation outcome=already_active elapsed_ms=4 foreground_observed=true error_domain=none error_code=none retryable=false
2026-09-22T09:53:20.520Z pid=3124 ver=0.2.6 build=unknown source_revision=2d949f417b7f54cd79248097a0ab687299fbdb7d build_channel=unknown release_tag=unknown chord_press result=ok session=51 gap_ms=80
2026-09-22T09:53:20.520Z pid=3124 ver=0.2.6 build=unknown source_revision=2d949f417b7f54cd79248097a0ab687299fbdb7d build_channel=unknown release_tag=unknown wetype_check armed attempt=0 epoch=1 baseline_available=true
2026-09-22T09:53:20.520Z pid=3124 ver=0.2.6 build=unknown source_revision=2d949f417b7f54cd79248097a0ab687299fbdb7d build_channel=unknown release_tag=unknown audio_session generation=1 action=begin phase=requested
2026-09-22T09:53:20.521Z pid=3124 ver=0.2.6 build=unknown source_revision=2d949f417b7f54cd79248097a0ab687299fbdb7d build_channel=unknown release_tag=unknown endpoint_unmute checkpoint=begin_session result=already_ok was_muted=false is_muted=false level=1.000 elapsed_ms=1
2026-09-22T09:53:20.522Z pid=3124 ver=0.2.6 build=unknown source_revision=2d949f417b7f54cd79248097a0ab687299fbdb7d build_channel=unknown release_tag=unknown session_unmute checkpoint=begin_session result=already_ok sessions=1 muted_before=0 muted_after=0 min_level=1.000 elapsed_ms=0
2026-09-22T09:53:20.522Z pid=3124 ver=0.2.6 build=unknown source_revision=2d949f417b7f54cd79248097a0ab687299fbdb7d build_channel=unknown release_tag=unknown audio_session generation=1 action=begin phase=completed terminal_result=passed queued_samples=0 elapsed_ms=1
2026-09-22T09:53:20.952Z pid=3124 ver=0.2.6 build=unknown source_revision=2d949f417b7f54cd79248097a0ab687299fbdb7d build_channel=unknown release_tag=unknown audio_stream phase=started result=passed endpoint_kind=virtual_cable prebuffer_samples=480 first_write_frames=418
2026-09-22T09:53:20.953Z pid=3124 ver=0.2.6 build=unknown source_revision=2d949f417b7f54cd79248097a0ab687299fbdb7d build_channel=unknown release_tag=unknown session_unmute checkpoint=after_start result=already_ok sessions=1 muted_before=0 muted_after=0 min_level=1.000 elapsed_ms=0
2026-09-22T09:53:21.284Z pid=3124 ver=0.2.6 build=unknown source_revision=2d949f417b7f54cd79248097a0ab687299fbdb7d build_channel=unknown release_tag=unknown wetype_check reacted=true attempt=0 epoch=1
2026-09-22T09:53:21.974Z pid=3124 ver=0.2.6 build=unknown component=gatt event=packet direction=C byte_count=2 preview=[00 02]
2026-09-22T09:53:22.057Z pid=3124 ver=0.2.6 build=unknown source_revision=2d949f417b7f54cd79248097a0ab687299fbdb7d build_channel=unknown release_tag=unknown chord_release result=ok error_domain=none error_code=none reason=released retryable=false
2026-09-22T09:53:22.057Z pid=3124 ver=0.2.6 build=unknown source_revision=2d949f417b7f54cd79248097a0ab687299fbdb7d build_channel=unknown release_tag=unknown audio_session generation=1 action=finish phase=requested queued_samples=0 submitted_samples=10080
2026-09-22T09:53:22.058Z pid=3124 ver=0.2.6 build=unknown source_revision=2d949f417b7f54cd79248097a0ab687299fbdb7d build_channel=unknown release_tag=unknown audio_session generation=1 action=finish phase=completed terminal_result=passed submitted_samples=10080 queued_samples=0
2026-09-22T09:53:26.098Z pid=3124 ver=0.2.6 build=unknown source_revision=2d949f417b7f54cd79248097a0ab687299fbdb7d build_channel=unknown release_tag=unknown map_edges count=1 detail=Ok=true gate(sw=2 lk=0)
2026-09-22T09:53:26.159Z pid=3124 ver=0.2.6 build=unknown source_revision=2d949f417b7f54cd79248097a0ab687299fbdb7d build_channel=unknown release_tag=unknown map_edges count=1 detail=Ok=false gate(sw=2 lk=0)
2026-09-22T09:53:27.597Z pid=3124 ver=0.2.6 build=unknown source_revision=2d949f417b7f54cd79248097a0ab687299fbdb7d build_channel=unknown release_tag=unknown map_edges count=1 detail=Up=true gate(sw=2 lk=0)
2026-09-22T09:53:27.822Z pid=3124 ver=0.2.6 build=unknown source_revision=2d949f417b7f54cd79248097a0ab687299fbdb7d build_channel=unknown release_tag=unknown map_edges count=1 detail=Up=false gate(sw=2 lk=0)
2026-09-22T09:53:28.809Z pid=3124 ver=0.2.6 build=unknown source_revision=2d949f417b7f54cd79248097a0ab687299fbdb7d build_channel=unknown release_tag=unknown map_edges count=1 detail=Down=true gate(sw=2 lk=0)
2026-09-22T09:53:29.084Z pid=3124 ver=0.2.6 build=unknown source_revision=2d949f417b7f54cd79248097a0ab687299fbdb7d build_channel=unknown release_tag=unknown map_edges count=1 detail=Down=false gate(sw=2 lk=0)
2026-09-22T09:53:29.834Z pid=3124 ver=0.2.6 build=unknown source_revision=2d949f417b7f54cd79248097a0ab687299fbdb7d build_channel=unknown release_tag=unknown map_edges count=1 detail=Left=true gate(sw=2 lk=0)
2026-09-22T09:53:29.836Z pid=3124 ver=0.2.6 build=unknown source_revision=2d949f417b7f54cd79248097a0ab687299fbdb7d build_channel=unknown release_tag=unknown map_edges count=1 detail=Left=false gate(sw=2 lk=0)
2026-09-22T09:53:30.609Z pid=3124 ver=0.2.6 build=unknown source_revision=2d949f417b7f54cd79248097a0ab687299fbdb7d build_channel=unknown release_tag=unknown map_edges count=1 detail=Right=true gate(sw=2 lk=0)
2026-09-22T09:53:30.823Z pid=3124 ver=0.2.6 build=unknown source_revision=2d949f417b7f54cd79248097a0ab687299fbdb7d build_channel=unknown release_tag=unknown map_edges count=1 detail=Right=false gate(sw=2 lk=0)
2026-09-22T09:53:33.525Z pid=3124 ver=0.2.6 build=unknown source_revision=2d949f417b7f54cd79248097a0ab687299fbdb7d build_channel=unknown release_tag=unknown map_edges count=1 detail=Power=true gate(sw=2 lk=0)
2026-09-22T09:53:33.535Z pid=3124 ver=0.2.6 build=unknown source_revision=2d949f417b7f54cd79248097a0ab687299fbdb7d build_channel=unknown release_tag=unknown map_edges count=1 detail=Power=false gate(sw=2 lk=0)
2026-09-22T09:54:11.233Z pid=3124 ver=0.2.6 build=unknown source_revision=2d949f417b7f54cd79248097a0ab687299fbdb7d build_channel=unknown release_tag=unknown remote_battery phase=read source=windows_bluetooth_cache reason=available level=30 elapsed_ms=1 connection_generation=1
2026-09-22T09:55:11.236Z pid=3124 ver=0.2.6 build=unknown source_revision=2d949f417b7f54cd79248097a0ab687299fbdb7d build_channel=unknown release_tag=unknown remote_battery phase=read source=windows_bluetooth_cache reason=available level=30 elapsed_ms=1 connection_generation=1
2026-09-22T09:56:11.255Z pid=3124 ver=0.2.6 build=unknown source_revision=2d949f417b7f54cd79248097a0ab687299fbdb7d build_channel=unknown release_tag=unknown remote_battery phase=read source=windows_bluetooth_cache reason=available level=30 elapsed_ms=4 connection_generation=1
2026-09-22T09:57:11.262Z pid=3124 ver=0.2.6 build=unknown source_revision=2d949f417b7f54cd79248097a0ab687299fbdb7d build_channel=unknown release_tag=unknown remote_battery phase=read source=windows_bluetooth_cache reason=available level=30 elapsed_ms=1 connection_generation=1
2026-09-22T09:58:11.300Z pid=3124 ver=0.2.6 build=unknown source_revision=2d949f417b7f54cd79248097a0ab687299fbdb7d build_channel=unknown release_tag=unknown remote_battery phase=read source=windows_bluetooth_cache reason=available level=30 elapsed_ms=1 connection_generation=1
2026-09-22T09:58:51.989Z pid=3124 ver=0.2.6 build=unknown source_revision=2d949f417b7f54cd79248097a0ab687299fbdb7d build_channel=unknown release_tag=unknown window_close action=hide_to_tray label=main hide_result=Ok(()) visible_before=true visible_after=false prevent_close=true
2026-09-22T09:59:11.334Z pid=3124 ver=0.2.6 build=unknown source_revision=2d949f417b7f54cd79248097a0ab687299fbdb7d build_channel=unknown release_tag=unknown remote_battery phase=read source=windows_bluetooth_cache reason=available level=30 elapsed_ms=1 connection_generation=1
2026-09-22T10:00:11.347Z pid=3124 ver=0.2.6 build=unknown source_revision=2d949f417b7f54cd79248097a0ab687299fbdb7d build_channel=unknown release_tag=unknown remote_battery phase=read source=windows_bluetooth_cache reason=available level=30 elapsed_ms=1 connection_generation=1
2026-09-22T10:01:11.364Z pid=3124 ver=0.2.6 build=unknown source_revision=2d949f417b7f54cd79248097a0ab687299fbdb7d build_channel=unknown release_tag=unknown remote_battery phase=read source=windows_bluetooth_cache reason=available level=30 elapsed_ms=1 connection_generation=1
2026-09-22T10:02:11.399Z pid=3124 ver=0.2.6 build=unknown source_revision=2d949f417b7f54cd79248097a0ab687299fbdb7d build_channel=unknown release_tag=unknown remote_battery phase=read source=windows_bluetooth_cache reason=available level=30 elapsed_ms=1 connection_generation=1
2026-09-22T10:03:11.420Z pid=3124 ver=0.2.6 build=unknown source_revision=2d949f417b7f54cd79248097a0ab687299fbdb7d build_channel=unknown release_tag=unknown remote_battery phase=read source=windows_bluetooth_cache reason=available level=30 elapsed_ms=1 connection_generation=1
2026-09-22T10:04:11.429Z pid=3124 ver=0.2.6 build=unknown source_revision=2d949f417b7f54cd79248097a0ab687299fbdb7d build_channel=unknown release_tag=unknown remote_battery phase=read source=windows_bluetooth_cache reason=available level=30 elapsed_ms=1 connection_generation=1
2026-09-22T10:05:11.441Z pid=3124 ver=0.2.6 build=unknown source_revision=2d949f417b7f54cd79248097a0ab687299fbdb7d build_channel=unknown release_tag=unknown remote_battery phase=read source=windows_bluetooth_cache reason=available level=30 elapsed_ms=1 connection_generation=1
2026-09-22T10:06:11.453Z pid=3124 ver=0.2.6 build=unknown source_revision=2d949f417b7f54cd79248097a0ab687299fbdb7d build_channel=unknown release_tag=unknown remote_battery phase=read source=windows_bluetooth_cache reason=available level=30 elapsed_ms=2 connection_generation=1
2026-09-22T10:06:42.198Z pid=3124 ver=0.2.6 build=unknown source_revision=2d949f417b7f54cd79248097a0ab687299fbdb7d build_channel=unknown release_tag=unknown window_close action=hide_to_tray label=main hide_result=Ok(()) visible_before=true visible_after=false prevent_close=true
2026-09-22T10:06:44.349Z pid=3124 ver=0.2.6 build=unknown source_revision=2d949f417b7f54cd79248097a0ab687299fbdb7d build_channel=unknown release_tag=unknown app_exit ble_session_shutdown phase=requested timeout_ms=5000
2026-09-22T10:06:44.350Z pid=3124 ver=0.2.6 build=unknown source_revision=2d949f417b7f54cd79248097a0ab687299fbdb7d build_channel=unknown release_tag=unknown audio_session generation=1 action=interrupt phase=requested queued_samples=0 submitted_samples=10080
2026-09-22T10:06:44.350Z pid=3124 ver=0.2.6 build=unknown source_revision=2d949f417b7f54cd79248097a0ab687299fbdb7d build_channel=unknown release_tag=unknown audio_session generation=1 action=interrupt phase=completed terminal_result=passed next_phase=ready elapsed_ms=0
2026-09-22T10:06:44.350Z pid=3124 ver=0.2.6 build=unknown source_revision=2d949f417b7f54cd79248097a0ab687299fbdb7d build_channel=unknown release_tag=unknown ble_session_cleanup phase=requested retrying=false service_closed=false device_closed=false
2026-09-22T10:06:44.778Z pid=3124 ver=0.2.6 build=unknown source_revision=2d949f417b7f54cd79248097a0ab687299fbdb7d build_channel=unknown release_tag=unknown ble_session_cleanup phase=local_release terminal_result=passed failures=0
2026-09-22T10:06:44.783Z pid=3124 ver=0.2.6 build=unknown source_revision=2d949f417b7f54cd79248097a0ab687299fbdb7d build_channel=unknown release_tag=unknown ble_session_cleanup phase=completed terminal_result=passed retrying=false
2026-09-22T10:06:44.786Z pid=3124 ver=0.2.6 build=unknown source_revision=2d949f417b7f54cd79248097a0ab687299fbdb7d build_channel=unknown release_tag=unknown app_exit ble_session_shutdown phase=completed terminal_result=passed error_code=none elapsed_ms=436
2026-09-22T10:06:44.786Z pid=3124 ver=0.2.6 build=unknown source_revision=2d949f417b7f54cd79248097a0ab687299fbdb7d build_channel=unknown release_tag=unknown app_exit platform_shutdown phase=completed terminal_result=passed reason=session_cleanup_acked elapsed_ms=436
