2026-09-22T09:50:50.395Z pid=6304 ver=0.2.6 build=unknown source_revision=2d949f417b7f54cd79248097a0ab687299fbdb7d build_channel=unknown release_tag=unknown app_lifecycle event=process_start phase=started result=passed diagnostic_schema=1 process_architecture=x86_64 windows_version=unknown windows_build=unknown
2026-09-22T09:50:50.396Z pid=6304 ver=0.2.6 build=unknown source_revision=2d949f417b7f54cd79248097a0ab687299fbdb7d build_channel=unknown release_tag=unknown app_lifecycle event=single_instance phase=completed terminal_result=passed
2026-09-22T09:50:58.215Z pid=6304 ver=0.2.6 build=unknown source_revision=2d949f417b7f54cd79248097a0ab687299fbdb7d build_channel=unknown release_tag=unknown app_lifecycle event=tauri_setup phase=started result=passed
2026-09-22T09:50:58.284Z pid=6304 ver=0.2.6 build=unknown source_revision=2d949f417b7f54cd79248097a0ab687299fbdb7d build_channel=unknown release_tag=unknown settings feature=application action=load phase=completed terminal_result=passed
2026-09-22T09:50:58.544Z pid=6304 ver=0.2.6 build=unknown source_revision=2d949f417b7f54cd79248097a0ab687299fbdb7d build_channel=unknown release_tag=unknown startup feature=launch_at_login action=sync phase=completed terminal_result=passed enabled=true
2026-09-22T09:50:58.545Z pid=6304 ver=0.2.6 build=unknown source_revision=2d949f417b7f54cd79248097a0ab687299fbdb7d build_channel=unknown release_tag=unknown radio_recovery_prepare phase=requested
2026-09-22T09:50:58.819Z pid=6304 ver=0.2.6 build=unknown source_revision=2d949f417b7f54cd79248097a0ab687299fbdb7d build_channel=unknown release_tag=unknown radio_recovery_prepare phase=completed terminal_result=passed cache=ready access=allowed elapsed_ms=274
2026-09-22T09:50:58.886Z pid=6304 ver=0.2.6 build=unknown source_revision=2d949f417b7f54cd79248097a0ab687299fbdb7d build_channel=unknown release_tag=unknown audio_worker phase=started backend=wasapi direction=render sample_rate=16000 channels=1 sample_format=s16
2026-09-22T09:50:58.887Z pid=6304 ver=0.2.6 build=unknown source_revision=2d949f417b7f54cd79248097a0ab687299fbdb7d build_channel=unknown release_tag=unknown audio_worker phase=ready result=passed com_apartment=mta
2026-09-22T09:50:58.940Z pid=6304 ver=0.2.6 build=unknown source_revision=2d949f417b7f54cd79248097a0ab687299fbdb7d build_channel=unknown release_tag=unknown shortcut_settings feature=button_mapping action=load phase=completed terminal_result=passed enabled=true button_count=1 shortcut_count=0 open_app_count=1 scroll_count=0 mouse_count=0 disabled_cell_count=2
2026-09-22T09:50:58.940Z pid=6304 ver=0.2.6 build=unknown source_revision=2d949f417b7f54cd79248097a0ab687299fbdb7d build_channel=unknown release_tag=unknown map_reconfig enabled=true buttons_configured=1
2026-09-22T09:50:58.942Z pid=6304 ver=0.2.6 build=unknown source_revision=2d949f417b7f54cd79248097a0ab687299fbdb7d build_channel=unknown release_tag=unknown audio_endpoint attempt_id=1 action=restore phase=requested source=persisted_settings
2026-09-22T09:50:58.979Z pid=6304 ver=0.2.6 build=unknown source_revision=2d949f417b7f54cd79248097a0ab687299fbdb7d build_channel=unknown release_tag=unknown resource_probe reason=worker_start checkpoint=ble_worker process_handles=473 gdi=19 user=40 private_kb=12332 working_set_kb=39356 system_handles=82626 nonpaged_kb=489208 paged_kb=524276 commit_kb=9781160 commit_limit_kb=16684260 physical_available_kb=2593588 physical_total_kb=8295652 disk_free_kb=6212720 disk_free_total_kb=6212720 process_count=221 thread_count=2822
2026-09-22T09:50:58.985Z pid=6304 ver=0.2.6 build=unknown source_revision=2d949f417b7f54cd79248097a0ab687299fbdb7d build_channel=unknown release_tag=unknown audio_endpoint attempt_id=1 action=open phase=properties_read result=passed endpoint_kind=virtual_cable virtual_cable=true
2026-09-22T09:50:59.006Z pid=6304 ver=0.2.6 build=unknown source_revision=2d949f417b7f54cd79248097a0ab687299fbdb7d build_channel=unknown release_tag=unknown endpoint_unmute checkpoint=open result=already_ok was_muted=false is_muted=false level=1.000 elapsed_ms=20
2026-09-22T09:50:59.668Z pid=6304 ver=0.2.6 build=unknown source_revision=2d949f417b7f54cd79248097a0ab687299fbdb7d build_channel=unknown release_tag=unknown audio_endpoint attempt_id=1 action=open phase=client_initialized result=passed share_mode=shared autoconvert=true requested_sample_rate=16000 requested_channels=1 buffer_period_hns=100000
2026-09-22T09:50:59.689Z pid=6304 ver=0.2.6 build=unknown source_revision=2d949f417b7f54cd79248097a0ab687299fbdb7d build_channel=unknown release_tag=unknown session_ducking_optout checkpoint=open result=ok enabled=true
2026-09-22T09:50:59.698Z pid=6304 ver=0.2.6 build=unknown source_revision=2d949f417b7f54cd79248097a0ab687299fbdb7d build_channel=unknown release_tag=unknown session_unmute checkpoint=open result=already_ok sessions=1 muted_before=0 muted_after=0 min_level=1.000 elapsed_ms=9
2026-09-22T09:50:59.698Z pid=6304 ver=0.2.6 build=unknown source_revision=2d949f417b7f54cd79248097a0ab687299fbdb7d build_channel=unknown release_tag=unknown audio_endpoint attempt_id=1 action=restore phase=completed terminal_result=passed endpoint_kind=virtual_cable elapsed_ms=757
2026-09-22T09:50:59.699Z pid=6304 ver=0.2.6 build=unknown source_revision=2d949f417b7f54cd79248097a0ab687299fbdb7d build_channel=unknown release_tag=unknown voice_f5_guard active=true reason=ble_link_transition
2026-09-22T09:50:59.699Z pid=6304 ver=0.2.6 build=unknown source_revision=2d949f417b7f54cd79248097a0ab687299fbdb7d build_channel=unknown release_tag=unknown ble_connect phase=requested reconnecting=true attempt=0
2026-09-22T09:50:59.699Z pid=6304 ver=0.2.6 build=unknown source_revision=2d949f417b7f54cd79248097a0ab687299fbdb7d build_channel=unknown release_tag=unknown shortcut_settings feature=voice_hold action=load phase=completed terminal_result=passed enabled=true key_count=2
2026-09-22T09:50:59.699Z pid=6304 ver=0.2.6 build=unknown source_revision=2d949f417b7f54cd79248097a0ab687299fbdb7d build_channel=unknown release_tag=unknown audio_session generation=0 action=interrupt phase=requested queued_samples=0 submitted_samples=0
2026-09-22T09:50:59.699Z pid=6304 ver=0.2.6 build=unknown source_revision=2d949f417b7f54cd79248097a0ab687299fbdb7d build_channel=unknown release_tag=unknown audio_session generation=0 action=interrupt phase=completed terminal_result=passed next_phase=ready elapsed_ms=0
2026-09-22T09:50:59.700Z pid=6304 ver=0.2.6 build=unknown source_revision=2d949f417b7f54cd79248097a0ab687299fbdb7d build_channel=unknown release_tag=unknown app_lifecycle event=tauri_setup phase=completed terminal_result=passed window_created=true state_managed=true
2026-09-22T09:50:59.700Z pid=6304 ver=0.2.6 build=unknown source_revision=2d949f417b7f54cd79248097a0ab687299fbdb7d build_channel=unknown release_tag=unknown ble_connect_stage phase=requested reconnecting=true attempt=0 stage=device_from_address
2026-09-22T09:50:59.739Z pid=6304 ver=0.2.6 build=unknown source_revision=2d949f417b7f54cd79248097a0ab687299fbdb7d build_channel=unknown release_tag=unknown raw_input_listener action=start phase=requested
2026-09-22T09:50:59.740Z pid=6304 ver=0.2.6 build=unknown source_revision=2d949f417b7f54cd79248097a0ab687299fbdb7d build_channel=unknown release_tag=unknown app_exit graceful_exit_signal phase=completed terminal_result=passed reason=listening
2026-09-22T09:50:59.757Z pid=6304 ver=0.2.6 build=unknown source_revision=2d949f417b7f54cd79248097a0ab687299fbdb7d build_channel=unknown release_tag=unknown raw_input binding_initial selected_path=REDACTED_device_8 matched_device_count=1 phase=ready
2026-09-22T09:50:59.757Z pid=6304 ver=0.2.6 build=unknown source_revision=2d949f417b7f54cd79248097a0ab687299fbdb7d build_channel=unknown release_tag=unknown raw_input_listener action=start phase=completed terminal_result=passed matched_device_count=1 awaiting_remote_hid_interface=false
2026-09-22T09:50:59.757Z pid=6304 ver=0.2.6 build=unknown source_revision=2d949f417b7f54cd79248097a0ab687299fbdb7d build_channel=unknown release_tag=unknown raw_input binding_audit action=timer_armed interval_ms=10000 selected_path=REDACTED_device_8 binding_present=true
2026-09-22T09:50:59.761Z pid=6304 ver=0.2.6 build=unknown source_revision=2d949f417b7f54cd79248097a0ab687299fbdb7d build_channel=unknown release_tag=unknown raw_input device_change action=device_arrived phase=ready matched_device_count=1
2026-09-22T09:51:00.462Z pid=6304 ver=0.2.6 build=unknown source_revision=2d949f417b7f54cd79248097a0ab687299fbdb7d build_channel=unknown release_tag=unknown ble_connect_stage phase=completed terminal_result=passed reconnecting=true attempt=0 stage=device_from_address error_domain=none error_code=none retryable=false elapsed_ms=762
2026-09-22T09:51:00.465Z pid=6304 ver=0.2.6 build=unknown source_revision=2d949f417b7f54cd79248097a0ab687299fbdb7d build_channel=unknown release_tag=unknown conn_params result=unavailable error_domain=bluetooth error_code=request_failed reason=connection_parameter_api_failed retryable=true mode=throughput_optimized
2026-09-22T09:51:00.465Z pid=6304 ver=0.2.6 build=unknown source_revision=2d949f417b7f54cd79248097a0ab687299fbdb7d build_channel=unknown release_tag=unknown ble_connect_stage phase=requested reconnecting=true attempt=0 stage=device_properties
2026-09-22T09:51:00.465Z pid=6304 ver=0.2.6 build=unknown source_revision=2d949f417b7f54cd79248097a0ab687299fbdb7d build_channel=unknown release_tag=unknown ble_connect_stage phase=completed terminal_result=passed reconnecting=true attempt=0 stage=device_properties error_domain=none error_code=none retryable=false elapsed_ms=0
2026-09-22T09:51:03.053Z pid=6304 ver=0.2.6 build=unknown source_revision=2d949f417b7f54cd79248097a0ab687299fbdb7d build_channel=unknown release_tag=unknown ble_connect_stage phase=requested reconnecting=true attempt=0 stage=service_discovery
2026-09-22T09:51:03.123Z pid=6304 ver=0.2.6 build=unknown source_revision=2d949f417b7f54cd79248097a0ab687299fbdb7d build_channel=unknown release_tag=unknown webview event=document_load phase=started result=passed main_window=true
2026-09-22T09:51:03.130Z pid=6304 ver=0.2.6 build=unknown source_revision=2d949f417b7f54cd79248097a0ab687299fbdb7d build_channel=unknown release_tag=unknown webview event=document_load phase=finished result=passed main_window=true
2026-09-22T09:51:03.857Z pid=6304 ver=0.2.6 build=unknown source_revision=2d949f417b7f54cd79248097a0ab687299fbdb7d build_channel=unknown release_tag=unknown ble_connect_stage phase=completed terminal_result=passed reconnecting=true attempt=0 stage=service_discovery error_domain=none error_code=none retryable=false elapsed_ms=804
2026-09-22T09:51:03.857Z pid=6304 ver=0.2.6 build=unknown source_revision=2d949f417b7f54cd79248097a0ab687299fbdb7d build_channel=unknown release_tag=unknown ble_connect_stage phase=requested reconnecting=true attempt=0 stage=characteristic_transmit
2026-09-22T09:51:04.702Z pid=6304 ver=0.2.6 build=unknown source_revision=2d949f417b7f54cd79248097a0ab687299fbdb7d build_channel=unknown release_tag=unknown ble_connect_stage phase=completed terminal_result=passed reconnecting=true attempt=0 stage=characteristic_transmit error_domain=none error_code=none retryable=false elapsed_ms=844
2026-09-22T09:51:04.702Z pid=6304 ver=0.2.6 build=unknown source_revision=2d949f417b7f54cd79248097a0ab687299fbdb7d build_channel=unknown release_tag=unknown ble_connect_stage phase=requested reconnecting=true attempt=0 stage=characteristic_audio
2026-09-22T09:51:05.224Z pid=6304 ver=0.2.6 build=unknown source_revision=2d949f417b7f54cd79248097a0ab687299fbdb7d build_channel=unknown release_tag=unknown ble_connect_stage phase=completed terminal_result=passed reconnecting=true attempt=0 stage=characteristic_audio error_domain=none error_code=none retryable=false elapsed_ms=521
2026-09-22T09:51:05.224Z pid=6304 ver=0.2.6 build=unknown source_revision=2d949f417b7f54cd79248097a0ab687299fbdb7d build_channel=unknown release_tag=unknown ble_connect_stage phase=requested reconnecting=true attempt=0 stage=characteristic_control
2026-09-22T09:51:05.716Z pid=6304 ver=0.2.6 build=unknown source_revision=2d949f417b7f54cd79248097a0ab687299fbdb7d build_channel=unknown release_tag=unknown ble_connect_stage phase=completed terminal_result=passed reconnecting=true attempt=0 stage=characteristic_control error_domain=none error_code=none retryable=false elapsed_ms=491
2026-09-22T09:51:05.716Z pid=6304 ver=0.2.6 build=unknown source_revision=2d949f417b7f54cd79248097a0ab687299fbdb7d build_channel=unknown release_tag=unknown ble_connect_stage phase=requested reconnecting=true attempt=0 stage=subscribe_audio
2026-09-22T09:51:05.824Z pid=6304 ver=0.2.6 build=unknown source_revision=2d949f417b7f54cd79248097a0ab687299fbdb7d build_channel=unknown release_tag=unknown ble_connect_stage phase=completed terminal_result=passed reconnecting=true attempt=0 stage=subscribe_audio error_domain=none error_code=none retryable=false elapsed_ms=107
2026-09-22T09:51:05.824Z pid=6304 ver=0.2.6 build=unknown source_revision=2d949f417b7f54cd79248097a0ab687299fbdb7d build_channel=unknown release_tag=unknown ble_connect_stage phase=requested reconnecting=true attempt=0 stage=subscribe_control
2026-09-22T09:51:05.847Z pid=6304 ver=0.2.6 build=unknown source_revision=2d949f417b7f54cd79248097a0ab687299fbdb7d build_channel=unknown release_tag=unknown ble_connect_stage phase=completed terminal_result=passed reconnecting=true attempt=0 stage=subscribe_control error_domain=none error_code=none retryable=false elapsed_ms=23
2026-09-22T09:51:05.848Z pid=6304 ver=0.2.6 build=unknown source_revision=2d949f417b7f54cd79248097a0ab687299fbdb7d build_channel=unknown release_tag=unknown ble_connect_stage phase=requested reconnecting=true attempt=0 stage=connection_status_handler
2026-09-22T09:51:05.848Z pid=6304 ver=0.2.6 build=unknown source_revision=2d949f417b7f54cd79248097a0ab687299fbdb7d build_channel=unknown release_tag=unknown ble_connect_stage phase=completed terminal_result=passed reconnecting=true attempt=0 stage=connection_status_handler error_domain=none error_code=none retryable=false elapsed_ms=0
2026-09-22T09:51:05.848Z pid=6304 ver=0.2.6 build=unknown source_revision=2d949f417b7f54cd79248097a0ab687299fbdb7d build_channel=unknown release_tag=unknown ble_connect_stage phase=requested reconnecting=true attempt=0 stage=capabilities_request
2026-09-22T09:51:05.848Z pid=6304 ver=0.2.6 build=unknown component=gatt event=packet direction=T byte_count=6 preview=[0A 01 00 00 03 03]
2026-09-22T09:51:05.852Z pid=6304 ver=0.2.6 build=unknown source_revision=2d949f417b7f54cd79248097a0ab687299fbdb7d build_channel=unknown release_tag=unknown ble_connect_stage phase=completed terminal_result=passed reconnecting=true attempt=0 stage=capabilities_request error_domain=none error_code=none retryable=false elapsed_ms=3
2026-09-22T09:51:05.852Z pid=6304 ver=0.2.6 build=unknown source_revision=2d949f417b7f54cd79248097a0ab687299fbdb7d build_channel=unknown release_tag=unknown ble_connect phase=completed terminal_result=passed reconnecting=true attempt=0 next_phase=awaiting_capabilities elapsed_ms=6153
2026-09-22T09:51:05.855Z pid=6304 ver=0.2.6 build=unknown source_revision=2d949f417b7f54cd79248097a0ab687299fbdb7d build_channel=unknown release_tag=unknown remote_battery phase=read source=windows_bluetooth_cache reason=available level=28 elapsed_ms=1 connection_generation=1
2026-09-22T09:51:05.898Z pid=6304 ver=0.2.6 build=unknown component=gatt event=packet direction=C byte_count=9 preview=[0B 01 00 02 03 00 78 00 00]
2026-09-22T09:51:05.898Z pid=6304 ver=0.2.6 build=unknown source_revision=2d949f417b7f54cd79248097a0ab687299fbdb7d build_channel=unknown release_tag=unknown voice_f5_guard active=false reason=ble_link_transition
