sizeof(RAWINPUTDEVICELIST) = 16
GetRawInputDeviceList(size query) -> 0  count=13
GetRawInputDeviceList(fill) -> 13 (期望 == 13)

总设备数: 13

=== 全部 Raw Input 设备 ===
idx  type      infoType ok     name
0    HID       HID      32     REDACTED_device_44
1    KEYBOARD  KEYBOARD 32     REDACTED_device_79
2    MOUSE     MOUSE    32     REDACTED_device_18
3    HID       HID      32     REDACTED_device_59
4    HID       HID      32     REDACTED_device_53
5    HID       HID      32     REDACTED_device_36
6    HID       HID      32     REDACTED_device_65
7    KEYBOARD  KEYBOARD 32     REDACTED_device_45
8    ?3        MOUSE    32     REDACTED_device_6
9    HID       HID      32     REDACTED_device_96
10   HID       HID      32     REDACTED_device_39
11   KEYBOARD  KEYBOARD 32     REDACTED_device_10
12   MOUSE     MOUSE    32     REDACTED_device_94

=== 目标设备（名字含 2717）===
  list_dtype  : 1 (KEYBOARD)
  info.dwType : 1 (KEYBOARD)
  ilen         : 32
  name         : REDACTED_device_55
  [HID 视图] usage_page=0x000C usage=0x0000 vid=0x0051 pid=0x0000
  [KB 视图]  subType=0 keysTotal=1023 funcKeys=12
  [原始字节] 20 00 00 00 01 00 00 00 51 00 00 00 00 00 00 00 01 00 00 00 0C 00 00 00 03 00 00 00 FF 03 00 00

=== 类型分布（按列表 dwType）===
  ?3         1
  HID        7
  KEYBOARD   3
  MOUSE      2